<html>
<body>
<pre>
<h1>礦ision Build Log</h1>
<h2>Tool Versions:</h2>
IDE-Version: μVision V5.36.0.0
Copyright (C) 2021 ARM Ltd and ARM Germany GmbH. All rights reserved.
License Information: Jason Lecson, LIF, LIC=IK1BF-61FWJ-NNPAF-6P3K4-PK1D3-NNBMZ
 
Tool Versions:
Toolchain:       MDK-ARM Plus  Version: 5.36.0.0
Toolchain Path:  C:\Keil_v5\ARM\ARMCC\Bin
C Compiler:      Armcc.exe V5.06 update 7 (build 960)
Assembler:       Armasm.exe V5.06 update 7 (build 960)
Linker/Locator:  ArmLink.exe V5.06 update 7 (build 960)
Library Manager: ArmAr.exe V5.06 update 7 (build 960)
Hex Converter:   FromElf.exe V5.06 update 7 (build 960)
CPU DLL:         SARMCM3.DLL V5.36.0.0
Dialog DLL:      DARMSTM.DLL V1.68.0.0
Target DLL:      Segger\JL2CM3.dll V2.99.40.0
Dialog DLL:      TARMSTM.DLL V1.66.0.0
 
<h2>Project:</h2>
C:\Users\lujin\Documents\Git\ymt-ty-romon\Progect\Progect.uvprojx
Project File Date:  01/14/2022

<h2>Output:</h2>
*** Using Compiler 'V5.06 update 7 (build 960)', folder: 'C:\Keil_v5\ARM\ARMCC\Bin'
Rebuild target 'Target 1'
Note: source file '..\mcu_sdk\system.c' - object file renamed from '.\output\system.o' to '.\output\system_1.o'.
compiling stm32f10x_it.c...
compiling main.c...
compiling relay.c...
compiling key.c...
compiling PVD.c...
compiling adc.c...
compiling System.c...
compiling buzzer.c...
compiling iwdg.c...
compiling delay.c...
compiling flash_helper.c...
..\User\flash_helper.c(41): warning:  #940-D: missing return statement at end of non-void function "FlashHelperErasePageEx" 
  }
..\User\flash_helper.c: 1 warning, 0 errors
compiling ConfigModuleNoBlock.c...
compiling cString.c...
..\User\cString.c(223): warning:  #1-D: last line of file ends without a newline
  }
..\User\cString.c: 1 warning, 0 errors
compiling timer.c...
compiling usart.c...
..\User\usart.c(217): warning:  #550-D: variable "Res"  was set but never used
  	u8 Res;
..\User\usart.c(218): warning:  #177-D: variable "value"  was declared but never referenced
  	int value;
..\User\usart.c(280): warning:  #177-D: variable "data"  was declared but never referenced
  	uint8_t data = ch;
..\User\usart.c: 3 warnings, 0 errors
compiling stmflash.c...
..\User\stmflash.c(140): warning:  #188-D: enumerated type mixed with another type
  				FlashStatus = 0;//读出和写入的一致
..\User\stmflash.c(142): warning:  #188-D: enumerated type mixed with another type
  				FlashStatus = 5;
..\User\stmflash.c: 2 warnings, 0 errors
compiling DataParse.c...
compiling wifi_state_led.c...
compiling ds18b20.c...
compiling sensor_control.c...
..\User\sensor_control.c(260): warning:  #177-D: variable "float_value"  was declared but never referenced
  	float float_value=0;
..\User\sensor_control.c: 1 warning, 0 errors
compiling iic.c...
..\User\iic.c(60): warning:  #61-D: integer operation result is out of range
  	SDA_IN();      //SDA设置为输入  
..\User\iic.c(60): warning:  #68-D: integer conversion resulted in a change of sign
  	SDA_IN();      //SDA设置为输入  
..\User\iic.c(118): warning:  #61-D: integer operation result is out of range
  	SDA_IN();//SDA设置为输入
..\User\iic.c(118): warning:  #68-D: integer conversion resulted in a change of sign
  	SDA_IN();//SDA设置为输入
..\User\iic.c(139): warning:  #61-D: integer operation result is out of range
  	SDA_IN();//SDA设置为输入
..\User\iic.c(139): warning:  #68-D: integer conversion resulted in a change of sign
  	SDA_IN();//SDA设置为输入
..\User\iic.c: 6 warnings, 0 errors
compiling TM601.c...
compiling iic2.c...
compiling core_cm3.c...
compiling fill_light.c...
compiling misc.c...
compiling FlashData.c...
..\User\FlashData.c(36): warning:  #177-D: variable "ReadDat"  was declared but never referenced
  	u16 ReadDat = data;
..\User\FlashData.c(63): warning:  #177-D: variable "ReadDat"  was declared but never referenced
  	u16 ReadDat = data;
..\User\FlashData.c(109): warning:  #177-D: variable "ReadDat"  was declared but never referenced
  	u16 ReadDat = data;
..\User\FlashData.c(242): warning:  #177-D: variable "ReadDat"  was declared but never referenced
  	u16 ReadDat[4];
..\User\FlashData.c(319): warning:  #177-D: variable "ReadDat"  was declared but never referenced
  	u16 ReadDat = data;
..\User\FlashData.c: 5 warnings, 0 errors
compiling system_stm32f10x.c...
compiling stm32f10x_rcc.c...
compiling stm32f10x_usart.c...
assembling startup_stm32f10x_hd.s...
compiling stm32f10x_gpio.c...
compiling stm32f10x_iwdg.c...
compiling stm32f10x_adc.c...
compiling stm32f10x_flash.c...
compiling stm32f10x_tim.c...
compiling stm32f10x_pwr.c...
compiling stm32f10x_exti.c...
compiling BufferManage.c...
compiling LoopList.c...
compiling mcu_api.c...
compiling system.c...
..\mcu_sdk\system.c(165): warning:  #177-D: variable "str"  was declared but never referenced
      unsigned char str[10] = {0};
..\mcu_sdk\system.c: 1 warning, 0 errors
compiling protocol.c...
..\mcu_sdk\protocol.c(202): warning:  #167-D: argument of type "char *" is incompatible with parameter of type "const unsigned char *"
  	mcu_dp_string_update(DPID_SAFE_TEMPERATURE,sensor_control_struct_value.public_temp_char,sensor_control_struct_value.public_int_value); //STRING鍨嬫暟鎹笂鎶?;
..\mcu_sdk\protocol.c(206): warning:  #167-D: argument of type "char *" is incompatible with parameter of type "const unsigned char *"
  	mcu_dp_string_update(DPID_SAFE_HUMIDITY,sensor_control_struct_value.public_temp_char,sensor_control_struct_value.public_int_value); //STRING鍨嬫暟鎹笂鎶?;
..\mcu_sdk\protocol.c(210): warning:  #167-D: argument of type "char *" is incompatible with parameter of type "const unsigned char *"
  	mcu_dp_string_update(DPID_SAFE_ILLUMINATION,sensor_control_struct_value.public_temp_char,sensor_control_struct_value.public_int_value); //STRING鍨嬫暟鎹笂鎶?;
..\mcu_sdk\protocol.c(214): warning:  #167-D: argument of type "char *" is incompatible with parameter of type "const unsigned char *"
  	mcu_dp_string_update(DPID_SAFE_FERTILITY,sensor_control_struct_value.public_temp_char,sensor_control_struct_value.public_int_value); //STRING鍨嬫暟鎹笂鎶?;
..\mcu_sdk\protocol.c(220): warning:  #167-D: argument of type "char *" is incompatible with parameter of type "const unsigned char *"
  	mcu_dp_string_update(DPID_START_DATE,sensor_control_struct_value.public_temp_char,sensor_control_struct_value.public_int_value); //STRING鍨嬫暟鎹笂鎶?;
..\mcu_sdk\protocol.c(226): warning:  #167-D: argument of type "char *" is incompatible with parameter of type "const unsigned char *"
  	mcu_dp_string_update(DPID_BEGIN_DATE,sensor_control_struct_value.public_temp_char,sensor_control_struct_value.public_int_value); 
..\mcu_sdk\protocol.c(449): warning:  #68-D: integer conversion resulted in a change of sign
  		if(type!=-1){
..\mcu_sdk\protocol.c(496): warning:  #167-D: argument of type "char *" is incompatible with parameter of type "const unsigned char *"
  			mcu_dp_string_update(DPID_START_DATE,sensor_control_struct_value.public_temp_char,sensor_control_struct_value.public_int_value); //STRING鍨嬫暟鎹笂鎶?;
..\mcu_sdk\protocol.c(1195): warning:  #223-D: function "Reset_MCU" declared implicitly
  			Reset_MCU();
..\mcu_sdk\protocol.c: 9 warnings, 0 errors
linking...
Program Size: Code=43228 RO-data=704 RW-data=588 ZI-data=8812  
FromELF: creating hex file...
After Build - User command #1: C:\Keil_v5\ARM\ARMCC\bin\fromelf.exe  --bin -o  .\Progect\Progect.bin  .\output\Progect.axf
".\output\Progect.axf" - 0 Error(s), 29 Warning(s).

<h2>Software Packages used:</h2>

Package Vendor: Keil
                http://www.keil.com/pack/Keil.STM32F1xx_DFP.2.3.0.pack
                Keil.STM32F1xx_DFP.2.3.0
                STMicroelectronics STM32F1 Series Device Support, Drivers and Examples

<h2>Collection of Component include folders:</h2>
  C:\Users\lujin\AppData\Local\Arm\Packs\Keil\STM32F1xx_DFP\2.3.0\Device\Include

<h2>Collection of Component Files used:</h2>
Build Time Elapsed:  00:00:03
</pre>
</body>
</html>
